Processing: /ghome/mcv/datasets/C5/KITTI-MOTS/training/image_02/0000/000094.png
Number of masks: 285
Embedding shape: (285, 256)
Clusters: [0 1 2 3]
Processing: /ghome/mcv/datasets/C5/KITTI-MOTS/training/image_02/0000/000027.png
Number of masks: 240
Embedding shape: (240, 256)
Clusters: [0 1 2 3]
Processing: /ghome/mcv/datasets/C5/KITTI-MOTS/training/image_02/0000/000126.png
Number of masks: 223
Embedding shape: (223, 256)
Clusters: [0 1 2 3]
Processing: /ghome/mcv/datasets/C5/KITTI-MOTS/training/image_02/0000/000087.png
Number of masks: 292
Embedding shape: (292, 256)
Clusters: [0 1 2 3]
Processing: /ghome/mcv/datasets/C5/KITTI-MOTS/training/image_02/0000/000044.png
Number of masks: 244
Embedding shape: (244, 256)
Clusters: [0 1 2 3]
Processing: /ghome/mcv/datasets/C5/KITTI-MOTS/training/image_02/0000/000054.png
Number of masks: 270
Embedding shape: (270, 256)
Clusters: [0 1 2 3]
Processing: /ghome/mcv/datasets/C5/KITTI-MOTS/training/image_02/0000/000021.png
Number of masks: 253
Embedding shape: (253, 256)
Clusters: [0 1 2 3]
Processing: /ghome/mcv/datasets/C5/KITTI-MOTS/training/image_02/0000/000075.png
Number of masks: 254
Embedding shape: (254, 256)
Clusters: [0 1 2 3]
Processing: /ghome/mcv/datasets/C5/KITTI-MOTS/training/image_02/0000/000013.png
Number of masks: 304
Embedding shape: (304, 256)
Clusters: [0 1 2 3]
Processing: /ghome/mcv/datasets/C5/KITTI-MOTS/training/image_02/0000/000079.png
Number of masks: 313
Embedding shape: (313, 256)
Clusters: [0 1 2 3]
Processing: /ghome/mcv/datasets/C5/KITTI-MOTS/training/image_02/0000/000153.png
Number of masks: 217
Embedding shape: (217, 256)
Clusters: [0 1 2 3]
Processing: /ghome/mcv/datasets/C5/KITTI-MOTS/training/image_02/0000/000059.png
Number of masks: 317
Embedding shape: (317, 256)
Clusters: [0 1 2 3]
Processing: /ghome/mcv/datasets/C5/KITTI-MOTS/training/image_02/0000/000007.png
Number of masks: 324
Embedding shape: (324, 256)
Clusters: [0 1 2 3]
Processing: /ghome/mcv/datasets/C5/KITTI-MOTS/training/image_02/0000/000064.png
Number of masks: 305
Embedding shape: (305, 256)
Clusters: [0 1 2 3]
Processing: /ghome/mcv/datasets/C5/KITTI-MOTS/training/image_02/0000/000108.png
Number of masks: 279
Embedding shape: (279, 256)
Clusters: [0 1 2 3]
Processing: /ghome/mcv/datasets/C5/KITTI-MOTS/training/image_02/0000/000045.png
Number of masks: 250
Embedding shape: (250, 256)
Clusters: [0 1 2 3]
Processing: /ghome/mcv/datasets/C5/KITTI-MOTS/training/image_02/0000/000086.png
Number of masks: 295
Embedding shape: (295, 256)
Clusters: [0 1 2 3]
Processing: /ghome/mcv/datasets/C5/KITTI-MOTS/training/image_02/0000/000120.png
Number of masks: 257
Embedding shape: (257, 256)
Clusters: [0 1 2 3]
Processing: /ghome/mcv/datasets/C5/KITTI-MOTS/training/image_02/0000/000038.png
Number of masks: 248
Embedding shape: (248, 256)
Clusters: [0 1 2 3]
Processing: /ghome/mcv/datasets/C5/KITTI-MOTS/training/image_02/0000/000070.png
Number of masks: 285
Embedding shape: (285, 256)
Clusters: [0 1 2 3]
Processing: /ghome/mcv/datasets/C5/KITTI-MOTS/training/image_02/0000/000003.png
Number of masks: 344
Embedding shape: (344, 256)
Clusters: [0 1 2 3]
Processing: /ghome/mcv/datasets/C5/KITTI-MOTS/training/image_02/0000/000068.png
Number of masks: 298
Embedding shape: (298, 256)
Clusters: [0 1 2 3]
Processing: /ghome/mcv/datasets/C5/KITTI-MOTS/training/image_02/0000/000056.png
Number of masks: 314
Embedding shape: (314, 256)
Clusters: [0 1 2 3]
Processing: /ghome/mcv/datasets/C5/KITTI-MOTS/training/image_02/0000/000104.png
Number of masks: 296
Embedding shape: (296, 256)
Clusters: [0 1 2 3]
Processing: /ghome/mcv/datasets/C5/KITTI-MOTS/training/image_02/0000/000144.png
Number of masks: 238
Embedding shape: (238, 256)
Clusters: [0 1 2 3]
Processing: /ghome/mcv/datasets/C5/KITTI-MOTS/training/image_02/0000/000135.png
Number of masks: 224
Embedding shape: (224, 256)
Clusters: [0 1 2 3]
Processing: /ghome/mcv/datasets/C5/KITTI-MOTS/training/image_02/0000/000050.png
Number of masks: 273
Embedding shape: (273, 256)
Clusters: [0 1 2 3]
Processing: /ghome/mcv/datasets/C5/KITTI-MOTS/training/image_02/0000/000149.png
Number of masks: 256
Embedding shape: (256, 256)
Clusters: [0 1 2 3]
Processing: /ghome/mcv/datasets/C5/KITTI-MOTS/training/image_02/0000/000115.png
Number of masks: 255
Embedding shape: (255, 256)
Clusters: [0 1 2 3]
Processing: /ghome/mcv/datasets/C5/KITTI-MOTS/training/image_02/0000/000089.png
Number of masks: 302
Embedding shape: (302, 256)
Clusters: [0 1 2 3]
Processing: /ghome/mcv/datasets/C5/KITTI-MOTS/training/image_02/0000/000028.png
Number of masks: 243
Embedding shape: (243, 256)
Clusters: [0 1 2 3]
Processing: /ghome/mcv/datasets/C5/KITTI-MOTS/training/image_02/0000/000053.png
Number of masks: 288
Embedding shape: (288, 256)
Clusters: [0 1 2 3]
Processing: /ghome/mcv/datasets/C5/KITTI-MOTS/training/image_02/0000/000076.png
Number of masks: 288
Embedding shape: (288, 256)
Clusters: [0 1 2 3]
Processing: /ghome/mcv/datasets/C5/KITTI-MOTS/training/image_02/0000/000069.png
Number of masks: 277
Embedding shape: (277, 256)
Clusters: [0 1 2 3]
Processing: /ghome/mcv/datasets/C5/KITTI-MOTS/training/image_02/0000/000067.png
Number of masks: 276
Embedding shape: (276, 256)
Clusters: [0 1 2 3]
Processing: /ghome/mcv/datasets/C5/KITTI-MOTS/training/image_02/0000/000105.png
Number of masks: 289
Embedding shape: (289, 256)
Clusters: [0 1 2 3]
Processing: /ghome/mcv/datasets/C5/KITTI-MOTS/training/image_02/0000/000035.png
Number of masks: 254
Embedding shape: (254, 256)
Clusters: [0 1 2 3]
Processing: /ghome/mcv/datasets/C5/KITTI-MOTS/training/image_02/0000/000145.png
Number of masks: 241
Embedding shape: (241, 256)
Clusters: [0 1 2 3]
Processing: /ghome/mcv/datasets/C5/KITTI-MOTS/training/image_02/0000/000074.png
Number of masks: 255
Embedding shape: (255, 256)
Clusters: [0 1 2 3]
Processing: /ghome/mcv/datasets/C5/KITTI-MOTS/training/image_02/0000/000091.png
Number of masks: 314
Embedding shape: (314, 256)
Clusters: [0 1 2 3]
Processing: /ghome/mcv/datasets/C5/KITTI-MOTS/training/image_02/0000/000006.png
Number of masks: 329
Embedding shape: (329, 256)
Clusters: [0 1 2 3]
Processing: /ghome/mcv/datasets/C5/KITTI-MOTS/training/image_02/0000/000040.png
Number of masks: 241
Embedding shape: (241, 256)
Clusters: [0 1 2 3]
Processing: /ghome/mcv/datasets/C5/KITTI-MOTS/training/image_02/0000/000097.png
Number of masks: 278
Embedding shape: (278, 256)
Clusters: [0 1 2 3]
Processing: /ghome/mcv/datasets/C5/KITTI-MOTS/training/image_02/0000/000024.png
Number of masks: 255
Embedding shape: (255, 256)
Clusters: [0 1 2 3]
Processing: /ghome/mcv/datasets/C5/KITTI-MOTS/training/image_02/0000/000047.png
Number of masks: 263
Embedding shape: (263, 256)
Clusters: [0 1 2 3]
Processing: /ghome/mcv/datasets/C5/KITTI-MOTS/training/image_02/0000/000052.png
Number of masks: 275
Embedding shape: (275, 256)
Clusters: [0 1 2 3]
Processing: /ghome/mcv/datasets/C5/KITTI-MOTS/training/image_02/0000/000019.png
Number of masks: 270
Embedding shape: (270, 256)
Clusters: [0 1 2 3]
Processing: /ghome/mcv/datasets/C5/KITTI-MOTS/training/image_02/0000/000017.png
Number of masks: 283
Embedding shape: (283, 256)
Clusters: [0 1 2 3]
Processing: /ghome/mcv/datasets/C5/KITTI-MOTS/training/image_02/0000/000099.png
Number of masks: 304
Embedding shape: (304, 256)
Clusters: [0 1 2 3]
Processing: /ghome/mcv/datasets/C5/KITTI-MOTS/training/image_02/0000/000142.png
Number of masks: 231
Embedding shape: (231, 256)
Clusters: [0 1 2 3]
Processing: /ghome/mcv/datasets/C5/KITTI-MOTS/training/image_02/0000/000009.png
Number of masks: 329
Embedding shape: (329, 256)
Clusters: [0 1 2 3]
Processing: /ghome/mcv/datasets/C5/KITTI-MOTS/training/image_02/0000/000042.png
Number of masks: 247
Embedding shape: (247, 256)
Clusters: [0 1 2 3]
Processing: /ghome/mcv/datasets/C5/KITTI-MOTS/training/image_02/0000/000132.png
Number of masks: 247
Embedding shape: (247, 256)
Clusters: [0 1 2 3]
Processing: /ghome/mcv/datasets/C5/KITTI-MOTS/training/image_02/0000/000134.png
Number of masks: 223
Embedding shape: (223, 256)
Clusters: [0 1 2 3]
Processing: /ghome/mcv/datasets/C5/KITTI-MOTS/training/image_02/0000/000124.png
Number of masks: 236
Embedding shape: (236, 256)
Clusters: 