loading annotations into memory...
Done (t=0.40s)
creating index...
index created!
0
1
2
3
4
109
110
111
112
113
114
115
116
117
118
119
120
121
122
123
124
125
126
127
128
129
130
131
132
133
134
135
136
137
138
139
140
141
142
143
144
145
146
147
148
149
150
151
152
153
100000
100001
100002
100003
100004
100005
100006
100007
100008
100009
100010
100011
100012
100013
100014
100015
100016
100017
100018
100019
100020
100021
100022
100023
100024
100025
100026
100027
100028
100029
100030
100031
100032
100033
100034
100035
100036
100037
100038
100039
100040
100041
100042
100043
100044
100045
100046
100047
100048
100049
100050
100051
100052
100053
100054
100055
100056
100057
100058
100059
100060
100061
100062
100063
100064
100065
100066
100067
100068
100069
100070
100071
100072
100073
100074
100075
100076
100077
100078
100079
100080
100081
100082
100083
100084
100085
100086
100087
100088
100089
100090
100091
100092
100093
100094
100095
100096
100097
100098
100099
100100
100101
100102
100103
100104
100105
100106
100107
100108
100109
100110
100111
100112
100113
100114
100115
100116
100117
100118
100119
100120
100121
100122
100123
100124
100125
100126
100127
100128
100129
100130
100131
100132
100133
100134
100135
100136
100137
100138
100139
100140
100141
100142
100143
100144
100145
100146
100147
100148
100149
100150
100151
100152
100153
100154
100155
100156
100157
100158
100159
100160
100161
100162
100163
100164
100165
100166
100167
100168
100169
100170
100171
100172
100173
100174
100175
100176
100177
100178
100179
100180
100181
100182
100183
100184
100185
100186
100187
100188
100189
100190
100191
100192
100193
100194
100195
100196
100197
100198
100199
100200
100201
100202
100203
100204
100205
100206
100207
100208
100209
100210
100211
100212
100213
100214
100215
100216
100217
100218
100219
100220
100221
100222
100223
100224
100225
100226
100227
100228
100229
100230
100231
100232
100233
100234
100235
100236
100237
100238
100239
100240
100241
100242
100243
100244
100245
100246
100247
100248
100249
100250
100251
100252
100253
100254
100255
100256
100257
100258
100259
100260
100261
100262
100263
100264
100265
100266
100267
100268
100269
100270
100271
100272
100273
100274
100275
100276
100277
100278
100279
100280
100281
100282
100283
100284
100285
100286
100287
100288
100289
100290
100291
100292
100293
100294
100295
100296
100297
100298
100299
100300
100301
100302
100303
100304
100305
100306
100307
100308
100309
100310
100311
100312
100313
100314
100315
100316
100317
100318
100319
100320
100321
100322
100323
100324
100325
100326
100327
100328
100329
100330
100331
100332
100333
100334
100335
100336
100337
100338
100339
100340
100341
100342
100343
100344
100345
100346
100347
100348
100349
100350
100351
100352
100353
100354
100355
100356
100357
100358
100359
100360
100361
100362
100363
100364
100365
100366
100367
100368
100369
100370
100371
100372
100373
100374
100375
100376
100377
100378
100379
100380
100381
100382
100383
100384
100385
100386
100387
100388
100389
100390
100391
100392
100393
100394
100395
100396
100397
100398
100399
100400
100401
100402
100403
100404
100405
100406
100407
100408
100409
100410
100411
100412
100413
100414
100415
100416
100417
100418
100419
100420
100421
100422
100423
100424
100425
100426
100427
200000
200001
200002
200003
200004
200005
200006
200007
200008
200009
200025
200026
200027
200028
200029
200030
200031
200032
200033
200034
200035
200036
200037
200038
200039
200040
200041
200042
200043
200044
200045
200046
200047
200048
200049
200050
200051
200052
200053
200054
200055
200056
200057
200058
200059
200060
200061
200062
200063
200064
200065
200066
200067
200068
200069
200070
200071
200072
200073
200074
200075
200076
200077
200078
200079
200080
200081
200082
200083
200084
200085
200086
200087
200088
200089
200090
200091
200092
200093
200094
200095
200096
200097
200098
200099
200100
200101
200102
200103
200104
200105
200106
200107
200108
200109
200110
200111
200112
200113
200114
200115
200116
200117
200118
200119
200120
200121
200122
200123
200124
200125
200126
200127
200128
200129
200130
200131
200132
200133
200134
200135
200136
200137
200138
200139
200140
200141
200142
200143
200144
200145
200146
200147
200148
200149
200150
200151
200152
200153
200154
200155
200156
200157
200158
200159
200160
200161
200162
200163
200164
200165
200166
200167
200168
200169
200170
200171
200172
200173
200174
200175
200176
200177
200178
200179
200180
200181
200182
200183
200184
200185
200186
200187
200188
200189
200190
200191
200192
200193
200194
200195
200196
200197
200198
200199
200200
200201
200202
200203
200204
200205
200206
200207
200208
200209
200210
200211
200212
200213
200214
200215
200216
200217
200218
200219
200220
200221
200222
200223
200224
200225
200226
200227
200228
200229
200230
200231
200232
300000
300001
300002
300003
300004
300005
300006
300007
300008
300009
300010
300011
300012
300013
300014
300015
300016
300017
300018
300019
300020
300021
300022
300023
300024
300025
300026
300027
300028
300029
300030
300031
300032
300033
300034
300035
300036
300037
300038
300039
300040
300041
300042
300043
300044
300045
300046
300047
300048
300049
300050
300051
300052
300053
300054
300055
300056
300057
300058
300059
300060
300061
300062
300063
300064
300065
300066
300067
300068
300069
300070
300071
300072
300073
300074
300075
300076
300077
300078
300079
300080
300081
300082
300083
300084
300085
300086
300087
300088
300089
300090
300091
300092
300093
300094
300095
300096
300097
300098
300099
300100
300101
300102
300103
300104
300105
300106
300107
300108
300109
300110
300111
300112
300113
300114
300115
300116
300117
300118
300119
300120
300121
300122
300123
300124
300125
300126
300127
300128
300129
300130
300131
300132
300133
300134
300135
300136
300137
300138
300139
300140
300141
300142
300143
400000
400001
400002
400003
400004
400005
400006
400007
400008
400009
400010
400011
400012
400013
400014
400015
400016
400017
400018
400019
400020
400021
400022
400023
400024
400025
400026
400027
400028
400029
400030
400031
400032
400033
400034
400035
400036
400037
400038
400039
400040
400041
400042
400043
400044
400045
400046
400047
400048
400049
400050
400051
400052
400053
400054
400055
400056
400057
400058
400059
400060
400061
400062
400063
400064
400065
400066
400067
400068
400069
400070
400071
400072
400073
400074
400075
400076
400077
400078
400079
400080
400081
400082
400083
400084
400085
400086
400087
400088
400089
400090
400091
400092
400093
400094
400095
400096
400097
400098
400099
400100
400101
400102
400103
400104
400105
400106
400107
400108
400109
400110
400111
400112
400113
400114
400115
400116
400117
400118
400119
400120
400121
400122
400123
400124
400125
400126
400127
400128
400129
400130
400131
400132
400133
400134
400135
400136
400137
400138
400139
400140
400141
400142
400143
400144
400145
400146
400147
400148
400149
400150
400151
400152
400153
400154
400155
400156
400157
400158
400159
400160
400161
400162
400163
400164
400165
400166
400167
400168
400169
400170
400171
400172
400173
400174
400175
400176
400177
400178
400179
400180
400181
400182
400183
400184
400185
400186
400187
400188
400189
400190
400191
400192
400193
400194
400195
400196
400197
400198
400199
400200
400201
400202
400203
400204
400205
400206
400207
400208
400209
400210
400211
400212
400213
400214
400215
400216
400217
400218
400219
400220
400221
400222
400223
400224
400225
400226
400227
400228
400229
400230
400231
400232
400233
400234
400235
400236
400237
400238
400239
400240
400241
400242
400243
400244
400245
400246
400247
400248
400249
400250
400251
400252
400253
400254
400255
400256
400257
400258
400259
400260
400261
400262
400263
400264
400265
400266
400267
400268
400269
400270
400271
400272
400273
400274
400275
400276
400277
400278
400279
400280
400281
400282
400283
400284
400285
400286
400287
400288
400289
400290
400291
400292
400293
400294
400295
400296
400297
400298
400299
400300
400301
400302
400303
400304
400305
400306
400307
400308
400309
400310
400311
400312
400313
500000
500001
500002
500003
500004
500005
500006
500007
500008
500009
500010
500011
500012
500013
500014
500015
500016
500017
500018
500019
500020
500021
500022
500023
500024
500025
500026
500027
500028
500029
500030
500031
500032
500033
500034
500035
500036
500037
500038
500039
500040
500041
500042
500043
500044
500045
500046
500047
500048
500049
500050
500051
500052
500053
500054
500055
500056
500057
500058
500059
500060
500061
500062
500063
500064
500065
500066
500067
500068
500069
500070
500071
500072
500073
500074
500075
500076
500077
500078
500079
500080
500081
500082
500083
500084
500085
500086
500087
500088
500089
500090
500091
500092
500093
500094
500095
500096
500097
500098
500099
500100
500101
500102
500103
500104
500105
500106
500107
500108
500109
500110
500111
500112
500113
500114
500115
500116
500117
500118
500119
500120
500121
500122
500123
500124
500125
500126
500127
500128
500129
500130
500131
500132
500133
500134
500135
500136
500137
500138
500139
500140
500141
500142
500143
500144
500145
500146
500147
500148
500149
500150
500151
500152
500153
500154
500155
500156
500157
500158
500159
500160
500161
500162
500163
500164
500165
500166
500167
500168
500169
500170
500171
500172
500173
500174
500175
500176
500177
500178
500179
500180
500181
500182
500183
500184
500185
500186
500187
500188
500189
500190
500191
500192
500193
500194
500195
500196
500197
500198
500199
500200
500201
500202
500203
500204
500205
500206
500207
500208
500209
500210
500211
500212
500213
500214
500215
500216
500217
500218
500219
500220
500221
500222
500223
500224
500225
500226
500227
500228
500229
500230
500231
500232
500233
500234
500235
500236
500237
500238
500239
500240
500241
500242
500243
500244
500245
500246
500247
500248
500249
500250
500251
500252
500253
500254
500255
500256
500257
500258
500259
500260
500261
500262
500263
500264
500265
500266
500267
500268
500269
500270
500271
500272
500273
500274
500275
500276
500277
500278
500279
500280
500281
500282
500283
500284
500285
500286
500287
500288
500289
500290
500291
500292
500293
500294
500295
500296
600000
600001
600002
600003
600004
600005
600006
600007
600008
600009
600010
600011
600012
600013
600014
600015
600016
600017
600018
600019
600020
600021
600022
600023
600024
600025
600026
600027
600028
600029
600030
600031
600032
600033
600034
600035
600036
600037
600038
600039
600040
600041
600042
600043
600044
600045
600046
600047
600048
600049
600050
600051
600052
600053
600054
600055
600056
600057
600058
600059
600060
600061
600062
600063
600064
600065
600066
600067
600068
600069
600070
600071
600072
600073
600074
600075
600076
600077
600078
600079
600080
600081
600082
600083
600084
600085
600086
600087
600088
600089
600090
600091
600092
600093
600094
600095
600096
600097
600098
600099
600100
600101
600102
600103
600104
600105
600106
600107
600108
600109
600110
600111
600112
600113
600114
600115
600116
600117
600118
600119
600120
600121
600122
600123
600124
600125
600126
600127
600128
600129
600130
600131
600132
600133
600134
600135
600136
600137
600138
600139
600140
600141
600142
600143
600144
600145
600146
600147
600148
600149
600150
600151
600152
600153
600154
600155
600156
600157
600158
600159
600160
600161
600162
600163
600164
600165
600166
600167
600168
600169
600170
600171
600172
600173
600174
600175
600176
600177
600178
600179
600180
600181
600182
600183
600184
600185
600186
600187
600188
600189
600190
600191
600192
600193
600194
600195
600196
600197
600198
600199
600200
600201
600202
600203
600204
600205
600206
600207
600208
600209
600210
600211
600212
600213
600214
600215
600216
600217
600218
600219
600220
700000
700001
700002
700003
700004
700005
700006
700007
700008
700009
700010
700011
700012
700013
700035
700036
700037
700038
700039
700040
700041
700042
700043
700044
700045
700046
700047
700048
700049
700050
700051
700052
700053
700054
700055
700056
700057
700058
700059
700060
700061
700062
700063
700064
700065
700066
700067
700068
700069
700070
700071
700072
700073
700074
700075
700076
700077
700078
700079
700080
700081
700082
700083
700084
700085
700086
700087
700088
700089
700090
700091
700092
700093
700094
700095
700096
700097
700098
700099
700100
700101
700102
700103
700104
700105
700106
700107
700108
700109
700110
700111
700112
700113
700114
700115
700116
700117
700118
700119
700120
700121
700122
700123
700124
700125
700126
700127
700128
700129
700130
700131
700132
700133
700134
700135
700136
700137
700138
700139
700140
700141
700142
700143
700144
700145
700146
700147
700148
700149
700150
700151
700152
700153
700154
700155
700156
700157
700158
700159
700160
700161
700162
700163
700164
700165
700166
700167
700168
700169
700170
700171
700172
700173
700174
700175
700176
700177
700178
700179
700180
700181
700182
700183
700184
700185
700186
700187
700188
700189
700190
700191
700192
700193
700194
700195
700196
700197
700198
700199
700200
700201
700202
700203
700204
700205
700206
700207
700208
700209
700210
700211
700212
700213
700214
700215
700216
700217
700218
700219
700220
700221
700222
700223
700224
700225
700226
700227
700228
700229
700230
700231
700232
700233
700234
700235
700236
700237
700238
700239
700240
700241
700242
700243
700244
700245
700246
700247
700248
700249
700250
700251
700252
700253
700254
700255
700259
700260
700261
700262
700263
700264
700265
700266
700267
700268
700269
700270
700271
700272
700273
700274
700275
700276
700277
700278
700279
700280
700281
700282
700283
700284
700285
700286
700287
700288
700289
700290
700291
700292
700293
700294
700295
700296
700297
700298
700299
700300
700301
700302
700303
700304
700305
700306
700307
700308
700309
700310
700311
700312
700313
700314
700315
700316
700317
700318
700319
700320
700321
700338
700339
700340
700341
700342
700343
700344
700345
700346
700347
700348
700349
700350
700351
700352
700353
700354
700355
700356
700357
700358
700359
700360
700361
700362
700363
700364
700365
700366
700367
700368
700369
700370
700371
700372
700373
700374
700375
700376
700377
700378
700379
700380
700381
700382
700383
700384
700385
700386
700387
700388
700389
700390
700391
700392
700393
700394
700395
700396
700397
700398
700399
700400
700401
700402
700403
700404
700405
700406
700407
700408
700409
700410
700411
700412
700413
700414
700415
700416
700417
700418
700419
700420
700421
700422
700423
700424
700425
700426
700427
700428
700429
700430
700431
700432
700433
700434
700435
700436
700437
700438
700439
700440
700441
700442
700443
700444
700445
700446
700447
700448
700449
700450
700451
700452
700453
700454
700455
700456
700457
700458
700459
700460
700461
700462
700463
700464
700465
700466
700467
700468
700469
700470
700471
700472
700473
700474
700475
700476
700477
700478
700479
700480
700481
700482
700483
700484
700485
700486
700487
700488
700489
700490
700491
700492
700493
700494
700495
700496
700497
700498
700499
700500
700501
700502
700503
700504
700505
700506
700507
700508
700509
700510
700511
700512
700513
700514
700515
700516
700517
700518
700519
700520
700521
700522
700523
700524
700525
700526
700527
700528
700529
700530
700531
700532
700533
700534
700535
700536
700537
700538
700539
700540
700541
700542
700543
700544
700545
700546
700547
700548
700549
700550
700551
700552
700553
700554
700555
700556
700557
700558
700559
700560
700561
700562
700563
700607
700608
700609
700610
700611
700612
700613
700614
700615
700616
700617
700618
700619
700620
700621
700622
700623
700624
700625
700626
700627
700628
700629
700630
700631
700632
700633
700634
700635
700636
700637
700638
700639
700640
700641
700642
700643
700644
700645
700646
700647
700648
700649
700650
700651
700652
700653
700654
700655
700656
700657
700658
700659
700660
700661
700662
700663
700664
700665
700666
700667
700748
700749
700750
700751
700752
700753
700754
700755
700756
700757
700758
700759
700760
700761
700762
700763
700764
700765
700766
700767
700768
700769
700770
700771
700772
700773
700774
700775
700776
700777
700778
700779
700780
700781
700782
700783
700784
700785
700786
700787
700788
700789
700790
700791
700792
700793
700794
700795
700796
700797
700798
700799
800000
800001
800002
800003
800004
800005
800006
800007
800008
800009
800010
800011
800012
800013
800014
800015
800016
800017
800018
800019
800020
800021
800022
800023
800024
800025
800026
800027
800028
800029
800030
800031
800032
800033
800034
800035
800036
800037
800038
800039
800040
800041
800042
800043
800044
800045
800046
800047
800048
800049
800050
800051
800052
800053
800054
800055
800056
800057
800058
800059
800060
800061
800062
800063
800064
800065
800066
800067
800068
800069
800070
800071
800072
800073
800074
800075
800076
800077
800078
800079
800080
800081
800082
800083
800084
800085
800086
800087
800088
800089
800090
800091
800092
800093
800094
800095
800096
800097
800098
800099
800100
800101
800102
800103
800104
800105
800106
800107
800108
800109
800110
800111
800112
800113
800114
800115
800116
800117
800118
800119
800120
800121
800122
800123
800124
800125
800126
800127
800128
800129
800130
800131
800132
800133
800134
800135
800136
800137
800138
800139
800140
800141
800142
800143
800144
800145
800146
800147
800148
800149
800150
800151
800152
800153
800154
800155
800156
800157
800158
800159
800160
800161
800162
800163
800164
800165
800166
800167
800168
800169
800170
800171
800172
800173
800174
800175
800176
800177
800178
800179
800180
800181
800182
800183
800184
800185
800186
800187
800188
800189
800190
800191
800192
800193
800194
800195
800196
800197
800198
800199
800200
800201
800202
800203
800204
800205
800206
800207
800208
800209
800210
800211
800212
800213
800214
800215
800216
800217
800218
800219
800220
800221
800222
800223
800224
800225
800226
800227
800228
800229
800230
800231
800232
800233
800234
800235
800236
800237
800238
800239
800240
800241
800242
800243
800244
800245
800246
800247
800248
800249
800250
800251
800252
800253
800254
800255
800256
800257
800258
800259
800260
800261
800262
800263
800264
800265
800266
800267
800268
800269
800270
800271
800272
800273
800274
800275
800276
800277
800278
800279
800280
800281
800282
800283
800284
800285
800286
800287
800288
800289
800290
800291
800292
800293
800294
800295
800296
800297
800298
800299
800300
800301
800302
800303
800304
800305
800306
800307
800308
800309
800310
800311
800312
800313
800314
800315
800316
800317
800318
800319
800320
800321
800322
800323
800324
800325
800326
800327
800328
800329
800330
800331
800332
800333
800334
800335
800336
800337
800338
800339
800340
800341
800342
800343
800344
800345
800346
800347
800348
800349
800350
800351
800352
800353
800354
800355
800356
800357
800358
800359
800360
800361
800362
800363
800364
800365
800366
800367
800368
800369
800370
800371
800372
800373
800374
800375
800376
800377
800378
800379
800380
800381
800382
800383
800384
800385
800386
800387
800388
800389
900000
900001
900002
900003
900004
900005
900006
900007
900008
900009
900010
900011
900012
900013
900014
900015
900016
900017
900018
900019
900020
900021
900022
900023
900024
900025
900026
900027
900028
900029
900030
900031
900032
900033
900034
900035
900036
900037
900038
900039
900040
900041
900042
900043
900044
900045
900046
900047
900048
900049
900050
900051
900052
900053
900054
900055
900056
900057
900058
900059
900060
900061
900062
900063
900064
900065
900066
900067
900068
900069
900070
900071
900072
900073
900074
900075
900076
900077
900078
900079
900080
900081
900082
900083
900084
900085
900086
900087
900088
900089
900090
900091
900092
900093
900094
900095
900096
900097
900098
900099
900100
900101
900102
900103
900104
900105
900106
900107
900108
900109
900110
900111
900112
900113
900114
900115
900116
900117
900118
900119
900120
900121
900122
900123
900124
900125
900126
900127
900128
900129
900130
900131
900132
900133
900134
900135
900136
900137
900138
900139
900140
900141
900142
900143
900144
900145
900146
900147
900148
900149
900150
900151
900152
900153
900154
900155
900156
900157
900158
900159
900160
900161
900162
900163
900164
900165
900166
900167
900168
900169
900170
900171
900172
900173
900174
900175
900176
900177
900178
900179
900180
900181
900182
900183
900184
900185
900186
900187
900188
900189
900190
900191
900192
900193
900194
900195
900196
900197
900198
900199
900200
900201
900202
900203
900204
900205
900206
900207
900208
900209
900210
900211
900212
900213
900214
900215
900216
900217
900218
900219
900220
900221
900222
900223
900224
900225
900226
900227
900228
900229
900230
900231
900232
900233
900234
900235
900236
900237
900238
900239
900240
900241
900242
900243
900244
900245
900246
900247
900248
900249
900250
900251
900252
900253
900254
900255
900256
900257
900258
900259
900260
900261
900262
900263
900264
900265
900266
900267
900268
900269
900270
900271
900272
900379
900380
900381
900382
900383
900384
900385
900386
900387
900388
900389
900390
900391
900392
900393
900394
900395
900396
900397
900398
900399
900400
900401
900402
900403
900404
900405
900406
900453
900454
900455
900456
900457
900458
900459
900460
900461
900462
900463
900464
900465
900466
900467
900468
900469
900470
900613
900614
900615
900616
900617
900618
900619
900620
900621
900622
900623
900624
900625
900626
900627
900628
900629
900630
900631
900632
900633
900634
900635
900636
900637
900638
900639
900640
900641
900642
900643
900644
900645
900646
900647
900648
900649
900650
900651
900652
900653
900654
900655
900656
900657
900658
900659
900660
900661
900662
900663
900664
900665
900666
900667
900668
900669
900670
900671
900672
900673
900674
900675
900676
900677
900678
900679
900680
900681
900682
900683
900684
900685
900686
900687
900688
900689
900690
900691
900692
900693
900694
900695
900696
900697
900698
900699
900700
900701
900702
900703
900704
900705
900706
900707
900708
900709
900710
900711
900712
900713
900714
900715
900716
900717
1000000
1000001
1000002
1000003
1000004
1000005
1000006
1000007
1000008
1000009
1000010
1000011
1000012
1000013
1000014
1000015
1000016
1000017
1000018
1000019
1000020
1000021
1000022
1000023
1000024
1000025
1000026
1000027
1000028
1000029
1000030
1000031
1000032
1000033
1000034
1000035
1000036
1000037
1000038
1000039
1000040
1000041
1000042
1000043
1000044
1000045
1000046
1000047
1000048
1000049
1000050
1000051
1000052
1000053
1000054
1000055
1000056
1000057
1000058
1000059
1000060
1000061
1000062
1000063
1000064
1000065
1000066
1000067
1000068
1000069
1000070
1000071
1000072
1000073
1000074
1000075
1000076
1000077
1000078
1000079
1000080
1000081
1000082
1000083
1000084
1000085
1000086
1000087
1000088
1000089
1000090
1000091
1000092
1000093
1000094
1000095
1000096
1000097
1000098
1000099
1000100
1000101
1000102
1000103
1000104
1000105
1000106
1000107
1000108
1000109
1000110
1000111
1000112
1000113
1000114
1000115
1000116
1000117
1000118
1000119
1000120
1000121
1000122
1000123
1000124
1000125
1000126
1000127
1000128
1000129
1000130
1000131
1000132
1000133
1000134
1000135
1000136
1000137
1000138
1000139
1000140
1000141
1000142
1000143
1000144
1000145
1000146
1000147
1000148
1000149
1000150
1000151
1000152
1000153
1000154
1000155
1000156
1000157
1000158
1000159
1000160
1000161
1000162
1000163
1000164
1000165
1000166
1000167
1000168
1000169
1000170
1000171
1000172
1000173
1000174
1000175
1000176
1000177
1000178
1000179
1000180
1000181
1000182
1000183
1000184
1000185
1000186
1000187
1000188
1000189
1000190
1000191
1000192
1000193
1000194
1000195
1000196
1000197
1000198
1000199
1000200
1000201
1000202
1000203
1000204
1000205
1000206
1000207
1000208
1000209
1000210
1000211
1000212
1000213
1000214
1000215
1000216
1000217
1000218
1000219
1000220
1000221
1000222
1000223
1000224
1000225
1000226
1000227
1000228
1000229
1000230
1000231
1000232
1000233
1000234
1000235
1000236
1000237
1000238
1000239
1000240
1000241
1000242
1000243
1000244
1000245
1000246
1000247
1000248
1000249
1000250
1000251
1000252
1000253
1000254
1000255
1000256
1000257
1000258
1000259
1000260
1000261
1000262
1000263
1000264
1000265
1000266
1000267
1000268
1000269
1000270
1000271
1000272
1000273
1000274
1000275
1000276
1000277
1000278
1000279
1000280
1000281
1000282
1000283
1000284
1000285
1000286
1000287
1000288
1000289
1000290
1000291
1000292
1000293
1100000
1100001
1100002
1100003
1100004
1100005
1100006
1100007
1100008
1100009
1100010
1100011
1100012
1100013
1100014
1100015
1100016
1100017
1100018
1100019
1100020
1100021
1100022
1100023
1100024
1100025
1100026
1100027
1100028
1100029
1100030
1100031
1100032
1100033
1100034
1100035
1100036
1100037
1100038
1100039
1100040
1100041
1100042
1100043
1100044
1100045
1100046
1100047
1100048
1100049
1100050
1100051
1100052
1100053
1100054
1100055
1100056
1100057
1100058
1100059
1100060
1100061
1100062
1100063
1100064
1100065
1100066
1100067
1100068
1100069
1100070
1100071
1100072
1100073
1100074
1100075
1100076
1100077
1100078
1100079
1100080
1100081
1100082
1100083
1100084
1100085
1100086
1100087
1100088
1100089
1100090
1100091
1100092
1100093
1100094
1100095
1100096
1100097
1100098
1100099
1100100
1100101
1100102
1100103
1100104
1100105
1100106
1100107
1100108
1100109
1100110
1100111
1100112
1100113
1100114
1100115
1100116
1100117
1100118
1100119
1100120
1100121
1100122
1100123
1100124
1100125
1100126
1100127
1100128
1100129
1100130
1100131
1100132
1100133
1100134
1100135
1100136
1100137
1100138
1100139
1100140
1100141
1100142
1100143
1100144
1100145
1100146
1100147
1100148
1100149
1100150
1100151
1100152
1100153
1100154
1100155
1100156
1100157
1100158
1100159
1100160
1100161
1100162
1100163
1100164
1100165
1100166
1100167
1100168
1100169
1100170
1100171
1100172
1100173
1100174
1100175
1100176
1100177
1100178
1100179
1100180
1100181
1100182
1100183
1100184
1100185
1100186
1100187
1100188
1100189
1100190
1100191
1100192
1100193
1100194
1100195
1100196
1100197
1100198
1100199
1100200
1100201
1100202
1100203
1100204
1100205
1100206
1100207
1100208
1100209
1100210
1100211
1100212
1100213
1100214
1100215
1100216
1100217
1100218
1100219
1100220
1100221
1100222
1100223
1100224
1100225
1100226
1100227
1100228
1100229
1100230
1100231
1100232
1100233
1100234
1100235
1100236
1100237
1100238
1100239
1100240
1100241
1100242
1100243
1100244
1100245
1100246
1100247
1100248
1100249
1100250
1100251
1100252
1100253
1100254
1100255
1100256
1100257
1100258
1100259
1100260
1100261
1100262
1100263
1100264
1100265
1100266
1100267
1100268
1100269
1100270
1100271
1100272
1100273
1100274
1100275
1100276
1100277
1100278
1100279
1100280
1100281
1100282
1100283
1100284
1100285
1100286
1100287
1100288
1100289
1100290
1100291
1100292
1100293
1100294
1100295
1100296
1100297
1100298
1100299
1100300
1100301
1100302
1100303
1100304
1100305
1100306
1100307
1100308
1100309
1100310
1100311
1100312
1100313
1100314
1100315
1100316
1100317
1100318
1100319
1100320
1100321
1100322
1100323
1100324
1100325
1100326
1100327
1100328
1100329
1100330
1100331
1100332
1100333
1100334
1100335
1100336
1100337
1100338
1100339
1100340
1100341
1100342
1100343
1100344
1100345
1100346
1100347
1100348
1100349
1100350
1100351
1100352
1100353
1100354
1100355
1100356
1100357
1100358
1100359
1100360
1100361
1100362
1100363
1100364
1100365
1100366
1100367
1100368
1100369
1100370
1100371
1100372
1200000
1200001
1200002
1200003
1200004
1200005
1200006
1200007
1200008
1200009
1200010
1200011
1200012
1200013
1200014
1200015
1200016
1200017
1200018
1200019
1200020
1200021
1200022
1200023
1200024
1200025
1200026
1200027
1200028
1200029
1200030
1200031
1200032
1200033
1200034
1200035
1200036
1200037
1200038
1200039
1200040
1200041
1200042
1200043
1200044
1200045
1200046
1200047
1200048
1200049
1200050
1200051
1200052
1200053
1200054
1200055
1200056
1200057
1200058
1200059
1200060
1200061
1200062
1200063
1200064
1200065
1200066
1200067
1200068
1200069
1200070
1200071
1200072
1200073
1200074
1200075
1200076
1200077
1300000
1300001
1300002
1300003
1300004
1300005
1300006
1300007
1300008
1300009
1300010
1300011
1300012
1300013
1300014
1300015
1300016
1300017
1300018
1300019
1300020
1300021
1300022
1300023
1300024
1300025
1300026
1300027
1300028
1300029
1300030
1300031
1300032
1300033
1300034
1300035
1300036
1300037
1300038
1300039
1300040
1300041
1300042
1300043
1300044
1300045
1300046
1300047
1300048
1300049
1300050
1300051
1300052
1300053
1300054
1300055
1300056
1300057
1300058
1300059
1300060
1300061
1300062
1300063
1300064
1300065
1300066
1300067
1300068
1300069
1300070
1300071
1300072
1300073
1300074
1300075
1300076
1300077
1300078
1300079
1300080
1300081
1300082
1300083
1300084
1300085
1300086
1300087
1300088
1300089
1300090
1300091
1300092
1300093
1300094
1300095
1300096
1300097
1300098
1300099
1300100
1300101
1300102
1300103
1300104
1300105
1300106
1300107
1300108
1300109
1300110
1300111
1300112
1300113
1300114
1300115
1300116
1300117
1300118
1300119
1300120
1300121
1300122
1300123
1300124
1300125
1300126
1300127
1300128
1300129
1300130
1300131
1300132
1300207
1300208
1300209
1300210
1300211
1300212
1300213
1300214
1300215
1300216
1300217
1300218
1300219
1300220
1300221
1300222
1300223
1300224
1300225
1300226
1300227
1300228
1300229
1300230
1300231
1300232
1300233
1300234
1300235
1300236
1300237
1300238
1300239
1300240
1300241
1300242
1300243
1300244
1300245
1300246
1300247
1300248
1300249
1300250
1300251
1300252
1300253
1300254
1300255
1300256
1300257
1300258
1300259
1300260
1300261
1300262
1300263
1300264
1300265
1300266
1300267
1300268
1300269
1300270
1300271
1300272
1300273
1300274
1300275
1300276
1300277
1300278
1300279
1300280
1300281
1300282
1300283
1300284
1300285
1300286
1300287
1300288
1300289
1300290
1300291
1300292
1300293
1300294
1300295
1300296
1300297
1300298
1300299
1300300
1300301
1300302
1300303
1300304
1300305
1300306
1300307
1300308
1300309
1300310
1300311
1300312
1300313
1300314
1300315
1300316
1300317
1300318
1300319
1300320
1300321
1300322
1300323
1300324
1300325
1300326
1300327
1300328
1300329
1300330
1300331
1300332
1300333
1300334
1300335
1300336
1300337
1300338
1300339
1400000
1400001
1400002
1400003
1400004
1400005
1400006
1400007
1400008
1400009
1400010
1400011
1400012
1400013
1400014
1400015
1400016
1400017
1400018
1400019
1400020
1400021
1400022
1400023
1400024
1400025
1400026
1400027
1400028
1400029
1400030
1400031
1400032
1400033
1400034
1400035
1400036
1400037
1400038
1400039
1400040
1400041
1400042
1400043
1400044
1400045
1400046
1400047
1400048
1400049
1400050
1400051
1400052
1400053
1400054
1400055
1400056
1400057
1400058
1400059
1400060
1400061
1400062
1400063
1400064
1400065
1400066
1400067
1400068
1400069
1400070
1400071
1400072
1400073
1400074
1400075
1400076
1400077
1400078
1400079
1400080
1400081
1400082
1400083
1400084
1400085
1400086
1400087
1400088
1400089
1400090
1400091
1400092
1400093
1400094
1400095
1400096
1400097
1400098
1400099
1400100
1400101
1400102
1400103
1400104
1400105
1500000
1500001
1500002
1500003
1500004
1500005
1500006
1500007
1500008
1500009
1500010
1500011
1500012
1500013
1500014
1500015
1500016
1500017
1500018
1500019
1500020
1500021
1500022
1500023
1500024
1500025
1500026
1500027
1500028
1500029
1500030
1500031
1500032
1500033
1500034
1500035
1500036
1500037
1500038
1500039
1500040
1500041
1500042
1500043
1500044
1500045
1500046
1500047
1500048
1500049
1500050
1500051
1500052
1500053
1500054
1500055
1500056
1500057
1500058
1500059
1500060
1500061
1500062
1500063
1500064
1500065
1500066
1500067
1500068
1500069
1500070
1500071
1500072
1500073
1500074
1500075
1500076
1500077
1500078
1500079
1500080
1500081
1500082
1500083
1500084
1500085
1500086
1500087
1500088
1500089
1500090
1500091
1500092
1500093
1500094
1500095
1500096
1500097
1500098
1500099
1500100
1500101
1500102
1500103
1500104
1500105
1500106
1500107
1500108
1500109
1500110
1500111
1500112
1500113
1500114
1500115
1500116
1500117
1500118
1500119
1500120
1500121
1500122
1500123
1500124
1500125
1500126
1500127
1500128
1500129
1500130
1500131
1500132
1500133
1500134
1500135
1500136
1500137
1500138
1500139
1500140
1500141
1500142
1500143
1500144
1500145
1500146
1500147
1500148
1500149
1500150
1500151
1500152
1500153
1500154
1500155
1500156
1500157
1500158
1500159
1500160
1500161
1500162
1500163
1500164
1500165
1500166
1500167
1500168
1500169
1500170
1500171
1500172
1500173
1500174
1500175
1500176
1500177
1500178
1500179
1500180
1500181
1500182
1500183
1500184
1500185
1500186
1500187
1500188
1500189
1500190
1500191
1500192
1500193
1500194
1500195
1500196
1500197
1500198
1500199
1500200
1500201
1500202
1500203
1500204
1500205
1500206
1500207
1500208
1500209
1500210
1500211
1500212
1500213
1500214
1500215
1500216
1500217
1500218
1500219
1500220
1500221
1500222
1500223
1500224
1500225
1500226
1500227
1500228
1500229
1500230
1500231
1500232
1500233
1500234
1500235
1500236
1500237
1500238
1500239
1500240
1500241
1500242
1500243
1500244
1500245
1500246
1500247
1500248
1500249
1500250
1500251
1500252
1500253
1500254
1500255
1500256
1500257
1500258
1500259
1500260
1500261
1500262
1500263
1500264
1500265
1500266
1500267
1500268
1500269
1500270
1500271
1500272
1500273
1500274
1500275
1500276
1500277
1500278
1500279
1500280
1500281
1500282
1500283
1500284
1500285
1500286
1500287
1500288
1500289
1500290
1500291
1500292
1500293
1500294
1500295
1500296
1500297
1500298
1500299
1500300
1500301
1500302
1500303
1500304
1500305
1500306
1500307
1500308
1500309
1500310
1500311
1500312
1500313
1500314
1500315
1500316
1500317
1500318
1500319
1500320
1500321
1500322
1500323
1500324
1500325
1500326
1500327
1500328
1500329
1500330
1500331
1500332
1500333
1500334
1500335
1500336
1500337
1500338
1500339
1500340
1500341
1500342
1500343
1500344
1500345
1500346
1500347
1500348
1500349
1500350
1500351
1500352
1500353
1500354
1500355
1500356
1500357
1500358
1500359
1500360
1500361
1500362
1500363
1500364
1500365
1500366
1500367
1500368
1500369
1500370
1500371
1500372
1500373
1500374
1500375
1600000
1600001
1600002
1600003
1600004
1600005
1600006
1600007
1600008
1600009
1600010
1600011
1600012
1600013
1600014
1600015
1600016
1600017
1600018
1600019
1600020
1600021
1600022
1600023
1600024
1600025
1600026
1600027
1600028
1600029
1600030
1600031
1600032
1600033
1600034
1600035
1600036
1600037
1600038
1600039
1600040
1600041
1600042
1600043
1600044
1600045
1600046
1600047
1600048
1600049
1600050
1600051
1600052
1600053
1600054
1600055
1600056
1600057
1600058
1600059
1600060
1600061
1600062
1600063
1600064
1600065
1600066
1600067
1600068
1600069
1600070
1600071
1600072
1600073
1600074
1600075
1600076
1600077
1600078
1600079
1600080
1600081
1600082
1600083
1600084
1600085
1600086
1600087
1600088
1600089
1600090
1600091
1600092
1600093
1600094
1600095
1600096
1600097
1600098
1600099
1600100
1600101
1600102
1600103
1600104
1600105
1600106
1600107
1600108
1600109
1600110
1600111
1600112
1600113
1600114
1600115
1600116
1600117
1600118
1600119
1600120
1600121
1600122
1600123
1600124
1600125
1600126
1600127
1600128
1600129
1600130
1600131
1600132
1600133
1600134
1600135
1600136
1600137
1600138
1600139
1600140
1600141
1600142
1600143
1600144
1600145
1600146
1600147
1600148
1600149
1600150
1600151
1600152
1600153
1600154
1600155
1600156
1600157
1600158
1600159
1600160
1600161
1600162
1600163
1600164
1600165
1600166
1600167
1600168
1600169
1600170
1600171
1600172
1600173
1600174
1600175
1600176
1600177
1600178
1600179
1600180
1600181
1600182
1600183
1600184
1600185
1600186
1600187
1600188
1600189
1600190
1600191
1600192
1600193
1600194
1600195
1600196
1600197
1600198
1600199
1600200
1600201
1600202
1600203
1600204
1600205
1600206
1600207
1600208
1700000
1700001
1700002
1700003
1700004
1700005
1700006
1700007
1700008
1700009
1700010
1700011
1700012
1700013
1700014
1700015
1700016
1700017
1700018
1700019
1700020
1700021
1700022
1700023
1700024
1700025
1700026
1700027
1700028
1700029
1700030
1700031
1700032
1700033
1700034
1700035
1700036
1700037
1700038
1700039
1700040
1700041
1700042
1700043
1700044
1700045
1700046
1700047
1700048
1700049
1700050
1700051
1700052
1700053
1700054
1700055
1700056
1700057
1700058
1700059
1700060
1700061
1700062
1700063
1700064
1700065
1700066
1700067
1700068
1700069
1700070
1700071
1700072
1700073
1700074
1700075
1700076
1700077
1700078
1700079
1700080
1700081
1700082
1700083
1700084
1700085
1700086
1700087
1700088
1700089
1700090
1700091
1700092
1700093
1700094
1700095
1700096
1700097
1700098
1700099
1700100
1700101
1700102
1700103
1700104
1700105
1700106
1700107
1700108
1700109
1700110
1700111
1700112
1700113
1700114
1700115
1700116
1700117
1700118
1700119
1700120
1700121
1700122
1700123
1700124
1700125
1700126
1700127
1700128
1700129
1700130
1700131
1700132
1700133
1700134
1700135
1700136
1700137
1700138
1700139
1700140
1700141
1700142
1700143
1700144
1800025
1800026
1800027
1800028
1800029
1800030
1800031
1800032
1800033
1800034
1800035
1800036
1800037
1800038
1800039
1800040
1800054
1800055
1800056
1800057
1800058
1800059
1800060
1800061
1800062
1800063
1800064
1800065
1800066
1800067
1800068
1800069
1800070
1800071
1800072
1800073
1800074
1800075
1800076
1800077
1800078
1800079
1800080
1800081
1800082
1800083
1800084
1800085
1800086
1800087
1800088
1800089
1800090
1800091
1800092
1800093
1800094
1800095
1800096
1800097
1800098
1800099
1800100
1800101
1800102
1800103
1800104
1800105
1800106
1800107
1800108
1800109
1800110
1800111
1800112
1800113
1800114
1800115
1800116
1800117
1800118
1800119
1800120
1800121
1800122
1800123
1800124
1800125
1800126
1800127
1800128
1800129
1800130
1800131
1800132
1800133
1800134
1800135
1800136
1800137
1800138
1800139
1800140
1800141
1800142
1800143
1800144
1800145
1800146
1800147
1800148
1800149
1800150
1800151
1800152
1800153
1800154
1800155
1800156
1800157
1800158
1800159
1800160
1800161
1800162
1800163
1800164
1800165
1800166
1800167
1800168
1800169
1800170
1800171
1800172
1800173
1800174
1800175
1800176
1800177
1800178
1800179
1800180
1800181
1800182
1800183
1800184
1800185
1800186
1800187
1800188
1800189
1800190
1800191
1800192
1800193
1800194
1800195
1800196
1800197
1800198
1800199
1800200
1800201
1800202
1800203
1800204
1800205
1800206
1800207
1800208
1800209
1800210
1800211
1800212
1800213
1800214
1800215
1800216
1800217
1800218
1800219
1800220
1800221
1800222
1800223
1800224
1800225
1800226
1800227
1800228
1800229
1800230
1800231
1800232
1800233
1800234
1800235
1800236
1800237
1800238
1800239
1800240
1800241
1800242
1800243
1800244
1800245
1800246
1800247
1800248
1800249
1800250
1800251
1800252
1800253
1800254
1800255
1800256
1800257
1800258
1800259
1800260
1800261
1800262
1800263
1800264
1800265
1800266
1800267
1800268
1800269
1800270
1800271
1800272
1800273
1800274
1800275
1800276
1800277
1800278
1800279
1800280
1800281
1800282
1800283
1800284
1800285
1800286
1800287
1800288
1800289
1800290
1800291
1800292
1800293
1800294
1800295
1800296
1800297
1800298
1800299
1800300
1800301
1800302
1800303
1800304
1800305
1800306
1800307
1800308
1800309
1800310
1800311
1800312
1800313
1800314
1800315
1800316
1800317
1800318
1800319
1800320
1800321
1800322
1800323
1800324
1800325
1800326
1800327
1800328
1800329
1800330
1800331
1800332
1800333
1800334
1800335
1800336
1800337
1800338
1900000
1900001
1900002
1900003
1900004
1900005
1900006
1900007
1900008
1900009
1900010
1900011
1900012
1900013
1900014
1900015
1900016
1900017
1900018
1900019
1900020
1900021
1900022
1900023
1900024
1900025
1900026
1900027
1900028
1900029
1900030
1900031
1900032
1900033
1900034
1900035
1900036
1900037
1900038
1900039
1900040
1900041
1900042
1900043
1900044
1900045
1900046
1900047
1900048
1900049
1900050
1900051
1900052
1900053
1900054
1900055
1900056
1900057
1900058
1900059
1900060
1900061
1900062
1900063
1900064
1900065
1900066
1900067
1900068
1900069
1900070
1900071
1900072
1900073
1900074
1900075
1900076
1900077
1900078
1900079
1900080
1900081
1900082
1900083
1900084
1900085
1900086
1900087
1900088
1900089
1900090
1900091
1900092
1900093
1900094
1900095
1900096
1900097
1900098
1900099
1900100
1900101
1900102
1900103
1900104
1900105
1900106
1900107
1900108
1900109
1900110
1900111
1900112
1900113
1900114
1900115
1900116
1900117
1900118
1900119
1900120
1900121
1900122
1900123
1900124
1900125
1900126
1900127
1900128
1900129
1900130
1900131
1900132
1900133
1900134
1900135
1900136
1900137
1900138
1900139
1900140
1900141
1900142
1900143
1900144
1900145
1900146
1900147
1900148
1900149
1900150
1900151
1900152
1900153
1900154
1900155
1900156
1900157
1900158
1900159
1900160
1900161
1900162
1900163
1900164
1900165
1900166
1900167
1900168
1900169
1900170
1900171
1900172
1900173
1900174
1900175
1900176
1900177
1900178
1900179
1900180
1900181
1900182
1900183
1900184
1900185
1900186
1900187
1900188
1900189
1900190
1900191
1900192
1900193
1900194
1900195
1900196
1900197
1900198
1900199
1900200
1900201
1900202
1900203
1900204
1900205
1900206
1900207
1900208
1900209
1900210
1900211
1900212
1900213
1900214
1900215
1900216
1900217
1900218
1900219
1900220
1900221
1900222
1900223
1900224
1900225
1900226
1900227
1900228
1900229
1900230
1900231
1900232
1900233
1900234
1900235
1900236
1900237
1900238
1900239
1900240
1900241
1900242
1900243
1900244
1900245
1900246
1900247
1900248
1900249
1900250
1900251
1900252
1900253
1900254
1900255
1900256
1900257
1900258
1900259
1900260
1900261
1900262
1900263
1900264
1900265
1900266
1900267
1900268
1900269
1900270
1900271
1900272
1900273
1900274
1900275
1900276
1900277
1900278
1900279
1900280
1900281
1900282
1900283
1900284
1900285
1900286
1900287
1900288
1900289
1900290
1900291
1900292
1900293
1900294
1900295
1900296
1900297
1900298
1900299
1900300
1900301
1900302
1900303
1900304
1900305
1900306
1900307
1900308
1900309
1900310
1900311
1900312
1900313
1900314
1900315
1900316
1900317
1900318
1900319
1900320
1900321
1900322
1900323
1900324
1900325
1900326
1900327
1900328
1900329
1900330
1900331
1900332
1900333
1900334
1900335
1900336
1900337
1900338
1900339
1900340
1900341
1900342
1900343
1900344
1900345
1900346
1900347
1900348
1900349
1900350
1900351
1900352
1900353
1900354
1900355
1900356
1900357
1900358
1900359
1900360
1900361
1900362
1900363
1900364
1900365
1900366
1900367
1900368
1900369
1900370
1900371
1900372
1900373
1900374
1900375
1900376
1900377
1900378
1900379
1900380
1900381
1900382
1900383
1900384
1900385
1900386
1900387
1900388
1900389
1900390
1900391
1900392
1900393
1900394
1900395
1900396
1900397
1900398
1900399
1900400
1900401
1900402
1900403
1900404
1900405
1900406
1900407
1900408
1900409
1900410
1900411
1900412
1900413
1900414
1900415
1900416
1900417
1900418
1900419
1900420
1900421
1900422
1900423
1900424
1900425
1900426
1900427
1900428
1900429
1900430
1900431
1900432
1900433
1900434
1900435
1900436
1900437
1900438
1900439
1900440
1900441
1900442
1900443
1900444
1900445
1900446
1900447
1900448
1900449
1900450
1900451
1900452
1900453
1900454
1900455
1900456
1900457
1900458
1900459
1900460
1900461
1900462
1900463
1900464
1900465
1900466
1900467
1900468
1900469
1900470
1900471
1900472
1900473
1900474
1900475
1900476
1900477
1900478
1900479
1900480
1900481
1900482
1900483
1900484
1900485
1900486
1900487
1900488
1900489
1900490
1900491
1900492
1900493
1900494
1900495
1900496
1900497
1900498
1900499
1900500
1900501
1900502
1900503
1900504
1900505
1900506
1900507
1900508
1900509
1900510
1900511
1900512
1900513
1900514
1900515
1900516
1900517
1900518
1900519
1900520
1900521
1900522
1900523
1900524
1900525
1900526
1900527
1900528
1900529
1900530
1900531
1900532
1900533
1900534
1900535
1900536
1900537
1900538
1900539
1900540
1900541
1900542
1900543
1900544
1900545
1900546
1900547
1900548
1900549
1900550
1900551
1900552
1900553
1900554
1900555
1900556
1900557
1900558
1900559
1900560
1900561
1900562
1900563
1900564
1900565
1900566
1900567
1900568
1900569
1900570
1900571
1900572
1900573
1900574
1900575
1900576
1900577
1900578
1900579
1900580
1900581
1900582
1900583
1900584
1900585
1900586
1900587
1900588
1900589
1900590
1900591
1900592
1900593
1900594
1900595
1900596
1900597
1900598
1900599
1900600
1900601
1900602
1900603
1900604
1900605
1900606
1900607
1900608
1900609
1900610
1900611
1900612
1900613
1900614
1900615
1900616
1900617
1900618
1900619
1900620
1900621
1900622
1900623
1900624
1900625
1900626
1900627
1900628
1900629
1900630
1900631
1900632
1900633
1900634
1900635
1900636
1900637
1900638
1900639
1900640
1900641
1900642
1900643
1900644
1900645
1900646
1900647
1900648
1900649
1900650
1900651
1900652
1900653
1900654
1900655
1900656
1900657
1900658
1900659
1900660
1900661
1900662
1900663
1900664
1900665
1900666
1900667
1900668
1900669
1900670
1900671
1900672
1900673
1900674
1900675
1900676
1900677
1900678
1900679
1900680
1900681
1900682
1900683
1900684
1900685
1900686
1900687
1900688
1900689
1900690
1900691
1900692
1900693
1900694
1900695
1900696
1900697
1900698
1900699
1900700
1900701
1900702
1900703
1900704
1900705
1900706
1900707
1900708
1900709
1900710
1900711
1900712
1900713
1900714
1900715
1900716
1900717
1900718
1900719
1900720
1900721
1900722
1900723
1900724
1900725
1900726
1900727
1900728
1900729
1900730
1900731
1900732
1900733
1900734
1900735
1900736
1900737
1900738
1900739
1900740
1900741
1900742
1900743
1900744
1900745
1900746
1900747
1900748
1900749
1900750
1900751
1900752
1900753
1900754
1900755
1900756
1900757
1900758
1900759
1900760
1900761
1900762
1900763
1900764
1900765
1900766
1900767
1900768
1900769
1900770
1900771
1900772
1900773
1900774
1900775
1900776
1900777
1900778
1900779
1900780
1900781
1900782
1900783
1900784
1900785
1900786
1900787
1900788
1900789
1900790
1900791
1900792
1900793
1900794
1900795
1900796
1900797
1900798
1900799
1900800
1900801
1900802
1900803
1900804
1900805
1900806
1900807
1900808
1900809
1900810
1900811
1900812
1900813
1900814
1900815
1900816
1900817
1900818
1900819
1900820
1900821
1900822
1900823
1900824
1900825
1900826
1900827
1900828
1900829
1900830
1900831
1900832
1900833
1900834
1900835
1900836
1900837
1900838
1900839
1900840
1900841
1900842
1900843
1900844
1900845
1900846
1900847
1900848
1900849
1900850
1900851
1900853
1900854
1900855
1900856
1900857
1900858
1900859
1900860
1900861
1900862
1900863
1900864
1900865
1900866
1900867
1900868
1900869
1900870
1900871
1900872
1900873
1900874
1900875
1900876
1900877
1900878
1900879
1900880
1900881
1900882
1900883
1900884
1900885
1900886
1900887
1900888
1900889
1900890
1900891
1900892
1900893
1900894
1900895
1900896
1900897
1900898
1900899
1900900
1900901
1900902
1900907
1900908
1900909
1900910
1900911
1900912
1900913
1900914
1900915
1900916
1900917
1900918
1900919
1900920
1900921
1900922
1900923
1900924
1900925
1900926
1900927
1900928
1900929
1900930
1900931
1900932
1900933
1900934
1900935
1900936
1900937
1900938
1900939
1900940
1900941
1900942
1900943
1900944
1900945
1900946
1900947
1900948
1900949
1900950
1900951
1900952
1900953
1900954
1900955
1900956
1900957
1900958
1900959
1900960
1900961
1900962
1900963
1900964
1900965
1900966
1900967
1900968
1900969
1900970
1900971
1900972
1900973
1900974
1900975
1900976
1900977
1900978
1900979
1900980
1900981
1900982
1900983
1900984
1900985
1900986
1900987
1900988
1900989
1900990
1900991
1900992
1900993
1900994
1900995
1900996
1900997
1900998
1900999
1901000
1901001
1901002
1901003
1901004
1901005
1901006
1901007
1901008
1901009
1901010
1901011
1901012
1901013
1901014
1901015
1901016
1901017
1901018
1901019
1901020
1901021
1901022
1901023
1901024
1901025
1901026
1901027
1901028
1901029
1901030
1901031
1901032
1901033
1901034
1901035
1901036
1901037
1901038
1901039
1901040
1901041
1901042
1901043
1901044
1901045
1901046
1901047
1901048
1901049
1901050
1901051
1901052
1901053
1901054
1901055
1901056
1901057
1901058
2000000
2000001
2000002
2000003
2000004
2000005
2000006
2000007
2000008
2000009
2000010
2000011
2000012
2000013
2000014
2000015
2000016
2000017
2000018
2000019
2000020
2000021
2000022
2000023
2000024
2000025
2000026
2000027
2000028
2000029
2000030
2000031
2000032
2000033
2000034
2000035
2000036
2000037
2000038
2000039
2000040
2000041
2000042
2000043
2000044
2000045
2000046
2000047
2000048
2000049
2000050
2000051
2000052
2000053
2000054
2000055
2000056
2000057
2000058
2000059
2000060
2000061
2000062
2000063
2000064
2000065
2000066
2000067
2000068
2000069
2000070
2000071
2000072
2000073
2000074
2000075
2000076
2000077
2000078
2000079
2000080
2000081
2000082
2000083
2000084
2000085
2000086
2000087
2000088
2000089
2000090
2000091
2000092
2000093
2000094
2000095
2000096
2000097
2000098
2000099
2000100
2000101
2000102
2000103
2000104
2000105
2000106
2000107
2000108
2000109
2000110
2000111
2000112
2000113
2000114
2000115
2000116
2000117
2000118
2000119
2000120
2000121
2000122
2000123
2000124
2000125
2000126
2000127
2000128
2000129
2000130
2000131
2000132
2000133
2000134
2000135
2000136
2000137
2000138
2000139
2000140
2000141
2000142
2000143
2000144
2000145
2000146
2000147
2000148
2000149
2000150
2000151
2000152
2000153
2000154
2000155
2000156
2000157
2000158
2000159
2000160
2000161
2000162
2000163
2000164
2000165
2000166
2000167
2000168
2000169
2000170
2000171
2000172
2000173
2000174
2000175
2000176
2000177
2000178
2000179
2000180
2000181
2000182
2000183
2000184
2000185
2000186
2000187
2000188
2000189
2000190
2000191
2000192
2000193
2000194
2000195
2000196
2000197
2000198
2000199
2000200
2000201
2000202
2000203
2000204
2000205
2000206
2000207
2000208
2000209
2000210
2000211
2000212
2000213
2000214
2000215
2000216
2000217
2000218
2000219
2000220
2000221
2000222
2000223
2000224
2000225
2000226
2000227
2000228
2000229
2000230
2000231
2000232
2000233
2000234
2000235
2000236
2000237
2000238
2000239
2000240
2000241
2000242
2000243
2000244
2000245
2000246
2000247
2000248
2000249
2000250
2000251
2000252
2000253
2000254
2000255
2000256
2000257
2000258
2000259
2000260
2000261
2000262
2000263
2000264
2000265
2000266
2000267
2000268
2000269
2000270
2000271
2000272
2000273
2000274
2000275
2000276
2000277
2000278
2000279
2000280
2000281
2000282
2000283
2000284
2000285
2000286
2000287
2000288
2000289
2000290
2000291
2000292
2000293
2000294
2000295
2000296
2000297
2000298
2000299
2000300
2000301
2000302
2000303
2000304
2000305
2000306
2000307
2000308
2000309
2000310
2000311
2000312
2000313
2000314
2000315
2000316
2000317
2000318
2000319
2000320
2000321
2000322
2000323
2000324
2000325
2000326
2000327
2000328
2000329
2000330
2000331
2000332
2000333
2000334
2000335
2000336
2000337
2000338
2000339
2000340
2000341
2000342
2000343
2000344
2000345
2000346
2000347
2000348
2000349
2000350
2000351
2000352
2000353
2000354
2000355
2000356
2000357
2000358
2000359
2000360
2000361
2000362
2000363
2000364
2000365
2000366
2000367
2000368
2000369
2000370
2000371
2000372
2000373
2000374
2000375
2000376
2000377
2000378
2000379
2000380
2000381
2000382
2000383
2000384
2000385
2000386
2000387
2000388
2000389
2000390
2000391
2000392
2000393
2000394
2000395
2000396
2000397
2000398
2000399
2000400
2000401
2000402
2000403
2000404
2000405
2000406
2000407
2000408
2000409
2000410
2000411
2000412
2000413
2000414
2000415
2000416
2000417
2000418
2000419
2000420
2000421
2000422
2000423
2000424
2000425
2000426
2000427
2000428
2000429
2000430
2000431
2000432
2000433
2000434
2000435
2000436
2000437
2000438
2000439
2000440
2000441
2000442
2000443
2000444
2000445
2000446
2000447
2000448
2000449
2000450
2000451
2000452
2000453
2000454
2000455
2000456
2000457
2000458
2000459
2000460
2000461
2000462
2000463
2000464
2000465
2000466
2000467
2000468
2000469
2000470
2000471
2000472
2000473
2000474
2000475
2000476
2000477
2000478
2000479
2000480
2000481
2000482
2000483
2000484
2000485
2000486
2000487
2000488
2000489
2000490
2000491
2000492
2000493
2000494
2000495
2000496
2000497
2000498
2000499
2000500
2000501
2000502
2000503
2000504
2000505
2000506
2000507
2000508
2000509
2000510
2000511
2000512
2000513
2000514
2000515
2000516
2000517
2000518
2000519
2000520
2000521
2000522
2000523
2000524
2000525
2000526
2000527
2000528
2000529
2000530
2000531
2000532
2000533
2000534
2000535
2000536
2000537
2000538
2000539
2000540
2000541
2000542
2000543
2000544
2000545
2000546
2000547
2000548
2000549
2000550
2000551
2000552
2000553
2000554
2000555
2000556
2000557
2000558
2000559
2000560
2000561
2000562
2000563
2000564
2000565
2000566
2000567
2000568
2000569
2000570
2000571
2000572
2000573
2000574
2000575
2000576
2000577
2000578
2000579
2000580
2000581
2000582
2000583
2000584
2000585
2000586
2000587
2000588
2000589
2000590
2000591
2000592
2000593
2000594
2000595
2000596
2000597
2000598
2000599
2000600
2000601
2000602
2000603
2000604
2000605
2000606
2000607
2000608
2000609
2000610
2000611
2000612
2000613
2000614
2000615
2000616
2000617
2000618
2000619
2000620
2000621
2000622
2000623
2000624
2000625
2000626
2000627
2000628
2000629
2000630
2000631
2000632
2000633
2000634
2000635
2000636
2000637
2000638
2000639
2000640
2000641
2000642
2000643
2000644
2000645
2000646
2000647
2000648
2000649
2000650
2000651
2000652
2000653
2000654
2000655
2000656
2000657
2000658
2000659
2000660
2000661
2000662
2000663
2000664
2000665
2000666
2000667
2000668
2000669
2000670
2000671
2000672
2000673
2000674
2000675
2000676
2000677
2000678
2000679
2000680
2000681
2000682
2000683
2000684
2000685
2000686
2000687
2000688
2000689
2000690
2000691
2000692
2000693
2000694
2000695
2000696
2000697
2000698
2000699
2000700
2000701
2000702
2000703
2000704
2000705
2000706
2000707
2000708
2000709
2000710
2000711
2000712
2000713
2000714
2000715
2000716
2000717
2000718
2000719
2000720
2000721
2000722
2000723
2000724
2000725
2000726
2000727
2000728
2000729
2000730
2000731
2000732
2000733
2000734
2000735
2000736
2000737
2000738
2000739
2000740
2000741
2000742
2000743
2000744
2000745
2000746
2000747
2000748
2000749
2000750
2000751
2000752
2000753
2000754
2000755
2000756
2000757
2000758
2000759
2000760
2000761
2000762
2000763
2000764
2000765
2000766
2000767
2000768
2000769
2000770
2000771
2000772
2000773
2000774
2000775
2000776
2000777
2000778
2000779
2000780
2000781
2000782
2000783
2000784
2000785
2000786
2000787
2000788
2000789
2000790
2000791
2000792
2000793
2000794
2000795
2000796
2000797
2000798
2000799
2000800
2000801
2000802
2000803
2000804
2000805
2000806
2000807
2000808
2000809
2000810
2000811
2000812
2000813
2000814
2000815
2000816
2000817
2000818
2000819
2000820
2000821
2000822
2000823
2000824
2000825
2000826
2000827
2000828
2000829
2000830
2000831
2000832
2000833
2000834
2000835
2000836
